Flow 2 midstream: tcp 192.168.1.101:1577 -> 192.168.100.124:1153
