Flow 3 midstream: tcp 10.0.0.1:51762 -> 10.0.0.2:854
