Flow 1 risky: tcp 192.168.2.198:51327 -> 89.31.76.10:80
