Flow 2 not-detected: tcp 127.0.0.1:41150 -> 127.0.0.1:33333
Flow 1 not-detected: udp 127.0.0.1:60150 -> 127.0.0.1:33333
