Flow 1 risky: tcp 192.168.1.212:50694 -> 90.130.70.73:21
Flow 3 not-detected: tcp 192.168.1.212:50696 -> 90.130.70.73:24523
