Flow 1 risky: udp 192.168.88.231:36929 -> 185.253.20.249:20021
