Flow 1 risky: udp 192.168.88.231:49377 -> 172.17.8.75:53
