Flow 1 not-detected: tcp 172.16.99.201:1732 -> 64.227.107.71:4444
