Flow 1 risky: udp 192.168.12.156:46652 -> 93.57.123.227:3478
Flow 6 risky: udp 192.168.12.156:49526 -> 157.240.203.62:3478
Flow 2 risky: udp 192.168.12.156:46652 -> 157.240.203.62:3478
Flow 4 risky: udp 192.168.12.156:46652 -> 157.240.21.51:3478
Flow 5 risky: udp 192.168.12.156:46652 -> 157.240.195.48:3478
Flow 3 risky: udp 192.168.12.156:46652 -> 157.240.231.62:3478
Flow 7 risky: udp 192.168.12.156:49526 -> 157.240.231.62:3478
Flow 8 risky: udp 192.168.12.156:49526 -> 157.240.196.62:3478
Flow 11 risky: udp 192.168.12.156:49526 -> 10.82.40.241:40436
Flow 12 risky: udp 192.168.12.156:49526 -> 93.33.118.87:41107
Flow 9 risky: udp 192.168.12.156:49526 -> 179.60.192.48:3478
Flow 10 risky: udp 192.168.12.156:49526 -> 185.60.216.51:3478
