Flow 26 risky: udp 192.168.12.169:42405 -> 93.36.13.115:35393
Flow 18 risky: udp 192.168.12.169:40643 -> 91.108.9.35:1400
Flow 24 risky: udp 192.168.12.169:42405 -> 10.46.103.200:42554
Flow 19 risky: udp 192.168.12.169:49667 -> 91.108.13.23:1400
Flow 25 risky: udp 192.168.12.169:40906 -> 10.46.103.200:42554
Flow 23 risky: udp 192.168.12.169:37444 -> 91.108.17.2:1400
Flow 20 risky: udp 192.168.12.169:49780 -> 91.108.17.2:1400
Flow 22 risky: udp 192.168.12.169:37530 -> 91.108.13.23:1400
Flow 34 midstream: tcp 18.195.162.93:443 -> 192.168.12.169:38956
Flow 21 risky: udp 192.168.12.169:37849 -> 91.108.9.35:1400
