Flow 3 risky: udp 192.168.2.12:53688 -> 31.13.86.48:3478
Flow 11 risky: udp 192.168.2.12:53688 -> 91.252.56.51:32641
Flow 7 risky: udp 192.168.2.12:53688 -> 157.240.196.62:3478
Flow 5 risky: udp 192.168.2.12:53688 -> 157.240.193.48:3478
Flow 6 risky: udp 192.168.2.12:53688 -> 179.60.192.48:3478
Flow 4 risky: udp 192.168.2.12:53688 -> 185.60.216.51:3478
Flow 10 risky: udp 192.168.2.12:53688 -> 1.60.78.64:59491
