Flow 17 risky: tcp 192.168.2.4:49204 -> 17.173.66.102:443
Flow 39 risky: udp 192.168.2.4:51518 -> 91.253.176.65:9344
Flow 23 risky: udp 192.168.2.4:51518 -> 31.13.100.14:3478
Flow 24 risky: udp 192.168.2.4:51518 -> 31.13.70.48:3478
Flow 25 risky: udp 192.168.2.4:51518 -> 31.13.64.48:3478
Flow 26 risky: udp 192.168.2.4:51518 -> 31.13.85.48:3478
Flow 30 risky: udp 192.168.2.4:51518 -> 31.13.73.48:3478
Flow 27 risky: udp 192.168.2.4:51518 -> 31.13.91.48:3478
Flow 28 risky: udp 192.168.2.4:51518 -> 31.13.79.192:3478
Flow 29 risky: udp 192.168.2.4:51518 -> 31.13.93.48:3478
Flow 55 risky: udp 192.168.2.4:52794 -> 91.253.176.65:9665
Flow 38 risky: udp 192.168.2.4:51518 -> 1.194.90.191:60312
Flow 57 risky: tcp 192.168.2.4:49205 -> 17.173.66.102:443
Flow 6 midstream: tcp 192.168.2.4:49172 -> 23.50.148.228:443
Flow 50 risky: udp 192.168.2.4:52794 -> 173.252.114.1:3478
Flow 49 risky: udp 192.168.2.4:52794 -> 179.60.192.48:3478
Flow 46 risky: udp 192.168.2.4:52794 -> 31.13.73.48:3478
Flow 47 risky: udp 192.168.2.4:52794 -> 31.13.93.48:3478
Flow 51 risky: udp 192.168.2.4:52794 -> 31.13.90.48:3478
Flow 52 risky: udp 192.168.2.4:52794 -> 31.13.74.48:3478
Flow 53 risky: udp 192.168.2.4:52794 -> 31.13.84.48:3478
Flow 48 risky: udp 192.168.2.4:52794 -> 31.13.79.192:3478
Flow 54 risky: udp 192.168.2.4:52794 -> 1.194.90.191:51727
Flow 1 risky: tcp 192.168.2.4:49199 -> 17.172.100.70:993
Flow 1 midstream: tcp 192.168.2.4:49199 -> 17.172.100.70:993
Flow 16 midstream: tcp 192.168.2.4:49193 -> 17.110.229.14:5223
Flow 13 risky: tcp 192.168.2.4:49201 -> 17.178.104.12:443
