flow_datalink,l3_proto,src_ip,dst_ip,l4_proto,src_port,dst_port,flow_state,flow_src_packets_processed,flow_dst_packets_processed,flow_first_seen,flow_src_last_pkt_time,flow_dst_last_pkt_time,flow_src_min_l4_payload_len,flow_dst_min_l4_payload_len,flow_src_max_l4_payload_len,flow_dst_max_l4_payload_len,flow_src_tot_l4_payload_len,flow_dst_tot_l4_payload_len,midstream,iat_min,iat_avg,iat_max,iat_stddev,iat_var,iat_ent,iat_data,pktlen_min,pktlen_avg,pktlen_max,pktlen_stddev,pktlen_var,pktlen_ent,pktlen_data,bins_c_to_s,bins_s_to_c,directions,entropies,proto,proto_id,encrypted,breed,category,confidence_id,confidence,risks
1,ip4,192.168.1.160,151.101.66.49,tcp,54804,443,info,15,17,1578254908457751,1578254908528417,1578254908528437,0,0,517,1368,813,14097,0,2,4559.7,21714,6622.1,43852844.0,3.5,"11591,11712,5740,17683,3137,204,15209,67,53,134,2,140,10611,21714,11194,334,14931,21,2,14564,19,7,256,346,4,564,2,480,517,112,2",52,518.6,1420,615.3,378610.9,4.0,"64,60,52,569,52,1420,1420,52,1420,52,1420,262,52,178,103,52,222,1420,1420,104,52,52,52,1420,1420,104,52,52,1420,52,1420,104","12,0,0,1,0,1,0,0,0,0,0,0,0,0,0,0,1,0,0,0,0,0,0,0,0,0,0,0,0,0,0,0,0,0,0,0,0,0,0,0,0,0,0,0,0,0,0,0","2,4,0,0,0,0,1,0,0,0,0,0,0,0,0,0,0,0,0,0,0,0,0,0,0,0,0,0,0,0,0,0,0,0,0,0,0,0,0,0,0,0,10,0,0,0,0,0","0,1,0,0,1,1,1,0,1,0,1,1,0,0,1,0,0,1,1,1,0,0,0,1,1,1,0,0,1,0,1,1","4.398337364,5.146034718,4.868495941,4.434582233,5.025067329,6.773365974,4.940563202,4.983880520,6.553000927,4.900255680,7.433587551,7.043814659,4.983880520,6.336580276,5.976200581,5.022342205,6.883139610,7.866776943,7.867276192,6.143959045,4.906957150,4.791572571,4.731892109,7.850933075,7.865261078,6.040546417,4.906957626,4.906957626,7.852932453,4.823332310,7.877495766,6.208910465",TLS.Cybersec,91.283,1,Safe,Cybersecurity,6,DPI,""
