flow_datalink,l3_proto,src_ip,dst_ip,l4_proto,src_port,dst_port,flow_state,flow_src_packets_processed,flow_dst_packets_processed,flow_first_seen,flow_src_last_pkt_time,flow_dst_last_pkt_time,flow_src_min_l4_payload_len,flow_dst_min_l4_payload_len,flow_src_max_l4_payload_len,flow_dst_max_l4_payload_len,flow_src_tot_l4_payload_len,flow_dst_tot_l4_payload_len,midstream,iat_min,iat_avg,iat_max,iat_stddev,iat_var,iat_ent,iat_data,pktlen_min,pktlen_avg,pktlen_max,pktlen_stddev,pktlen_var,pktlen_ent,pktlen_data,bins_c_to_s,bins_s_to_c,directions,entropies,proto,proto_id,encrypted,breed,category,confidence_id,confidence,risks
1,ip4,10.238.26.36,10.220.50.76,tcp,62092,21,info,9,23,1383123629078448,1383123629152654,1383123629153383,0,0,330,512,609,3206,0,2,4811.0,40376,9556.7,91331016.0,3.2,"415,134,1253,15030,72,17807,3947,60,788,5,4347,3279,113,1027,2,8,2,118,3,2582,8520,40376,68,34737,4456,749,2222,1775,305,2738,2203",46,160.9,552,164.2,26956.4,4.4,"46,46,46,46,113,113,50,46,46,71,71,190,46,46,552,552,255,552,552,255,46,370,91,91,77,122,122,77,122,122,85,130","4,3,0,0,1,0,0,0,0,0,1,0,0,0,0,0,0,0,0,0,0,0,0,0,0,0,0,0,0,0,0,0,0,0,0,0,0,0,0,0,0,0,0,0,0,0,0,0","8,2,7,0,0,0,2,0,0,0,0,0,0,0,0,0,4,0,0,0,0,0,0,0,0,0,0,0,0,0,0,0,0,0,0,0,0,0,0,0,0,0,0,0,0,0,0,0","0,1,1,0,1,1,0,1,1,1,1,0,1,1,1,1,1,1,1,1,0,0,1,1,0,1,1,0,1,1,0,1","4.174477577,4.816402912,4.816402912,4.390829086,5.377844810,5.377844810,4.955727100,4.347350597,4.347350597,5.319664001,5.319664001,5.167058468,4.434307098,4.434307098,6.822389126,7.154568672,6.962697506,6.822389126,7.151652813,6.962697029,4.544876099,7.242094517,5.879006863,5.879006863,5.747309208,6.191079140,6.207472801,5.766408920,6.279234409,6.279234409,5.962334156,6.287871361",FTPS.Huawei,311.398,1,Acceptable,Web,6,DPI,"8,15,22,24"
