flow_datalink,l3_proto,src_ip,dst_ip,l4_proto,src_port,dst_port,flow_state,flow_src_packets_processed,flow_dst_packets_processed,flow_first_seen,flow_src_last_pkt_time,flow_dst_last_pkt_time,flow_src_min_l4_payload_len,flow_dst_min_l4_payload_len,flow_src_max_l4_payload_len,flow_dst_max_l4_payload_len,flow_src_tot_l4_payload_len,flow_dst_tot_l4_payload_len,midstream,iat_min,iat_avg,iat_max,iat_stddev,iat_var,iat_ent,iat_data,pktlen_min,pktlen_avg,pktlen_max,pktlen_stddev,pktlen_var,pktlen_ent,pktlen_data,bins_c_to_s,bins_s_to_c,directions,entropies,proto,proto_id,encrypted,breed,category,confidence_id,confidence,risks
1,ip4,192.168.1.245,80.84.167.206,tcp,57490,49100,info,15,17,1684671871380890,1684671871611894,1684671871611894,0,0,669,2896,1367,31825,0,0,14903.5,47333,17676.6,312463360.0,3.9,"41203,41243,226,42731,42519,54,16,5947,47333,41968,42407,0,41955,155,4158,2454,15862,0,0,41,9328,25186,0,25245,4217,4258,11750,11667,45,20,20",52,1089.8,2948,1283.5,1647314.5,4.0,"60,60,52,569,2948,52,575,52,145,326,721,324,235,52,217,96,96,2948,2948,2948,1500,52,2948,2948,52,2948,52,2948,52,2948,52,2948","10,2,1,0,0,0,0,0,0,0,0,0,0,0,0,0,1,0,0,0,1,0,0,0,0,0,0,0,0,0,0,0,0,0,0,0,0,0,0,0,0,0,0,0,0,0,0,0","1,0,0,0,0,2,0,0,2,0,0,0,0,0,0,0,1,0,0,0,0,0,0,0,0,0,0,0,0,0,0,0,0,0,0,0,0,0,0,0,0,0,0,0,0,1,0,10","0,1,0,0,1,0,1,0,0,1,0,1,1,0,1,0,0,1,1,1,1,0,1,1,0,1,0,1,0,1,0,1","4.825882912,5.279368877,5.207947731,4.797474861,7.333730698,5.169486046,7.591311932,5.169486046,6.138707161,7.168643475,7.677440643,7.274022579,6.973204136,5.207947731,6.943279743,5.763498783,5.664438248,7.941471577,7.933756351,7.935662746,7.862148762,5.207947731,7.936669827,7.942846298,5.207947731,7.941987514,5.169486046,7.928585052,5.270353794,7.943464279,5.217375278,7.941396713",TLS.GeForceNow,91.341,1,Fun,Game,6,DPI,"5"
1,ip4,192.168.1.245,80.84.167.206,udp,52441,18452,finished,16,16,1684671871710618,1684671872714424,1684671872714517,45,0,540,661,2076,2033,0,0,64764.7,689508,136017.0,18500616192.0,3.2,"66053,63330,171747,44041,99894,183824,360133,689508,48469,47134,1,0,0,0,4464,1537,52687,37,46039,42295,446,303,157,40,93,42070,315,149,228,42450,261",53,156.4,689,133.9,17933.5,4.7,"124,124,124,92,185,185,185,185,689,568,119,358,164,107,53,95,101,101,141,137,105,109,73,113,113,113,73,85,89,105,85,105","0,2,5,4,4,0,0,0,0,0,0,0,0,0,0,0,1,0,0,0,0,0,0,0,0,0,0,0,0,0,0,0,0,0,0,0,0,0,0,0,0,0,0,0,0,0,0,0","1,3,8,1,1,0,0,0,0,0,1,0,0,0,0,0,0,0,0,0,1,0,0,0,0,0,0,0,0,0,0,0,0,0,0,0,0,0,0,0,0,0,0,0,0,0,0,0","0,0,0,1,0,0,0,0,1,0,1,1,1,1,1,1,1,0,0,1,0,1,0,0,0,0,1,1,1,1,0,1","5.798890114,5.760544300,5.760543823,5.699924469,4.958880424,4.982108116,4.979167461,4.994058609,6.462553024,6.717261314,4.840689182,6.641223907,6.248939514,4.353680611,3.764864683,5.258242130,6.006977558,5.841088772,6.408538342,6.349637032,5.904027939,6.047730923,5.421965599,6.049623013,6.169179440,6.109401703,5.448651314,5.635576248,5.804111004,6.095016956,5.717526436,6.095016956",DTLS.GeForceNow,30.341,1,Fun,Game,6,DPI,"6,32"
