flow_datalink,l3_proto,src_ip,dst_ip,l4_proto,src_port,dst_port,flow_state,flow_src_packets_processed,flow_dst_packets_processed,flow_first_seen,flow_src_last_pkt_time,flow_dst_last_pkt_time,flow_src_min_l4_payload_len,flow_dst_min_l4_payload_len,flow_src_max_l4_payload_len,flow_dst_max_l4_payload_len,flow_src_tot_l4_payload_len,flow_dst_tot_l4_payload_len,midstream,iat_min,iat_avg,iat_max,iat_stddev,iat_var,iat_ent,iat_data,pktlen_min,pktlen_avg,pktlen_max,pktlen_stddev,pktlen_var,pktlen_ent,pktlen_data,bins_c_to_s,bins_s_to_c,directions,entropies,proto,proto_id,encrypted,breed,category,confidence_id,confidence,risks
1,ip4,192.168.1.100,87.248.221.254,tcp,3508,80,finished,16,16,1437389964790451,1437389964979632,1437389964979854,0,0,187,1460,187,20440,0,74,12212.4,72387,23706.7,562007808.0,2.8,"58058,58113,96,58244,14251,72387,112,82,193,195,145,152,166,165,184,184,148,146,165,165,56805,56877,234,178,216,245,157,122,91,74,234",40,685.5,1500,719.0,516967.3,4.1,"52,52,40,227,46,1500,40,1500,40,1500,40,1500,40,1500,40,1500,40,1500,40,1500,40,1500,40,1500,40,1500,40,1500,40,1500,40,1500","15,0,0,0,0,1,0,0,0,0,0,0,0,0,0,0,0,0,0,0,0,0,0,0,0,0,0,0,0,0,0,0,0,0,0,0,0,0,0,0,0,0,0,0,0,0,0,0","2,0,0,0,0,0,0,0,0,0,0,0,0,0,0,0,0,0,0,0,0,0,0,0,0,0,0,0,0,0,0,0,0,0,0,0,0,0,0,0,0,0,0,0,0,14,0,0","0,1,0,0,1,1,0,1,0,1,0,1,0,1,0,1,0,1,0,1,0,1,0,1,0,1,0,1,0,1,0,1","4.624014378,4.863714218,4.730640888,5.822455883,4.457919598,5.306115150,4.661768913,5.107864380,4.580640793,5.186793804,4.730640888,5.093457222,4.680640697,5.097416878,4.630640984,5.152558804,4.621928215,5.157567024,4.621928215,5.123836517,4.680641174,5.187242508,4.730640888,5.148094177,4.730640888,5.081175804,4.680641174,5.152382851,4.680641174,5.186464310,4.680641174,5.134456635",HTTP,7,0,Acceptable,Download,6,DPI,"16,54"
1,ip4,192.168.1.100,213.248.127.130,tcp,3517,1119,finished,26,6,1437389982130449,1437389982733601,1437389982710820,0,0,195,743,893,1074,0,22,38178.2,166321,53269.1,2837592064.0,3.6,"52549,52614,94628,145687,24327,95105,95914,166321,70940,49609,160290,31197,128649,15235,41,28,25,24,29,35,25,23,24,30,27,23,28,23,22,29,22",40,102.4,783,136.0,18494.5,4.3,"52,46,40,142,46,783,40,220,303,40,235,46,108,42,63,63,63,63,63,63,63,63,63,63,63,63,63,63,63,63,63,63","23,0,0,1,0,1,1,0,0,0,0,0,0,0,0,0,0,0,0,0,0,0,0,0,0,0,0,0,0,0,0,0,0,0,0,0,0,0,0,0,0,0,0,0,0,0,0,0","3,0,1,0,0,0,0,0,1,0,0,0,0,0,0,0,0,0,0,0,0,0,0,1,0,0,0,0,0,0,0,0,0,0,0,0,0,0,0,0,0,0,0,0,0,0,0,0","0,1,0,0,1,1,0,0,1,0,0,1,1,0,0,0,0,0,0,0,0,0,0,0,0,0,0,0,0,0,0,0","4.463548183,4.642490387,4.665311337,5.407479763,4.522393227,7.766187668,4.981687546,7.105029583,7.198122978,4.931687355,6.211636543,4.652828693,5.019042969,4.830181599,5.558794022,5.515064716,5.602522373,5.570774555,5.634266376,5.666012287,5.451573372,5.475538254,5.539031029,5.666014194,5.729505062,5.697759151,5.515064716,5.602520943,5.590539455,5.666013718,5.602520943,5.570777416",Starcraft,213,0,Fun,Game,6,DPI,""
1,ip4,192.168.1.100,2.228.46.112,tcp,3527,80,finished,12,20,1437389985891466,1437389985995179,1437389985995168,0,0,149,1460,149,26280,0,65,6690.8,34324,13000.1,169003376.0,2.9,"32476,32510,1623,34324,1138,65,33880,153,130,283,141,278,419,213,122,339,108,139,244,139,597,734,100,131,232,130,134,265,32899,285,33184",40,866.8,1500,718.4,516058.3,4.3,"52,52,40,189,46,1500,1500,40,1500,1500,40,1500,1500,40,1500,1500,40,1500,1500,40,1500,1500,40,1500,1500,40,1500,1500,40,1500,1500,40","11,0,0,0,1,0,0,0,0,0,0,0,0,0,0,0,0,0,0,0,0,0,0,0,0,0,0,0,0,0,0,0,0,0,0,0,0,0,0,0,0,0,0,0,0,0,0,0","2,0,0,0,0,0,0,0,0,0,0,0,0,0,0,0,0,0,0,0,0,0,0,0,0,0,0,0,0,0,0,0,0,0,0,0,0,0,0,0,0,0,0,0,0,18,0,0","0,1,0,0,1,1,1,0,1,1,0,1,1,0,1,1,0,1,1,0,1,1,0,1,1,0,1,1,0,1,1,0","4.545560837,4.801308632,4.730640888,5.763886929,4.501398087,5.907708645,7.721281052,4.730640888,7.812506199,7.777710438,4.730640888,7.794231415,7.742146015,4.680641174,7.749040604,7.800151825,4.680641174,7.781608105,7.754264832,4.730640888,7.783253193,7.795304775,4.730640888,7.746140480,7.751955986,4.680641174,7.805341244,7.749295712,4.730640888,7.808876514,7.796334743,4.680641174",HTTP,7,0,Acceptable,Web,6,DPI,""
