flow_datalink,l3_proto,src_ip,dst_ip,l4_proto,src_port,dst_port,flow_state,flow_src_packets_processed,flow_dst_packets_processed,flow_first_seen,flow_src_last_pkt_time,flow_dst_last_pkt_time,flow_src_min_l4_payload_len,flow_dst_min_l4_payload_len,flow_src_max_l4_payload_len,flow_dst_max_l4_payload_len,flow_src_tot_l4_payload_len,flow_dst_tot_l4_payload_len,midstream,iat_min,iat_avg,iat_max,iat_stddev,iat_var,iat_ent,iat_data,pktlen_min,pktlen_avg,pktlen_max,pktlen_stddev,pktlen_var,pktlen_ent,pktlen_data,bins_c_to_s,bins_s_to_c,directions,entropies,proto,proto_id,encrypted,breed,category,confidence_id,confidence,risks
1,ip4,192.168.12.156,142.250.82.76,udp,37967,19305,finished,18,14,1669989925164266,1669989925844909,1669989925832608,65,0,545,1203,2558,3623,0,29,43515.6,258068,58201.4,3387401984.0,4.0,"23454,57152,58633,110311,426,107899,55,29,31904,33185,42585,42763,84060,83239,24775,643,393,2519,24830,54,50,34247,28143,7940,22933,203231,6659,19573,19853,258068,19379",68,221.2,1231,244.4,59721.8,4.4,"144,128,185,1231,148,573,128,109,598,573,598,109,149,117,141,93,125,121,97,93,97,113,93,68,93,93,127,112,112,128,469,112","0,0,10,5,1,0,0,0,0,0,0,0,0,0,0,0,0,2,0,0,0,0,0,0,0,0,0,0,0,0,0,0,0,0,0,0,0,0,0,0,0,0,0,0,0,0,0,0","0,1,5,4,0,0,0,0,0,0,0,0,0,1,0,0,0,2,0,0,0,0,0,0,0,0,0,0,0,0,0,0,0,0,0,0,0,1,0,0,0,0,0,0,0,0,0,0","0,1,0,1,0,0,1,1,1,0,1,0,1,0,1,0,0,0,0,1,1,1,0,1,1,0,0,0,0,0,1,0","5.970281124,5.844405174,4.975852966,7.376402378,5.926150799,6.767900467,5.873587608,5.727212906,7.417241573,6.742666721,7.399977684,5.666547298,6.284676552,5.878243446,6.278099537,5.456246376,6.045804977,5.932724476,5.656750679,5.431894302,5.443003178,5.773984909,5.547308922,5.480338573,5.456245899,5.525803089,6.089138508,6.235580444,6.295892239,6.029528141,7.452062130,6.164150715",STUN.GoogleCall,78.404,0,Acceptable,VoIP,6,DPI,"5"
