     DAEMON-EVENT: init
     DAEMON-EVENT: [Processed: 0 pkts][ZLib][compressions: 0|diff: 0 / 0]
     DAEMON-EVENT: [Flows][active: 0 / 0|skipped: 0|!detected: 0|guessed: 0|detection-updates: 0|updates: 0]
              new: [.....1] [ip4][..tcp] [.....10.10.10.1][..443] -> [....192.168.0.1][43766]
         detected: [.....1] [ip4][..tcp] [.....10.10.10.1][..443] -> [....192.168.0.1][43766] [TLS.Cachefly][Unknown][Cloud][Acceptable][apptv.cachefly.net]
 detection-update: [.....1] [ip4][..tcp] [.....10.10.10.1][..443] -> [....192.168.0.1][43766] [TLS.Cachefly][Unknown][Cloud][Acceptable][apptv.cachefly.net]
 detection-update: [.....1] [ip4][..tcp] [.....10.10.10.1][..443] -> [....192.168.0.1][43766] [TLS.Cachefly][Unknown][Cloud][Acceptable][apptv.cachefly.net]
             idle: [.....1] [ip4][..tcp] [.....10.10.10.1][..443] -> [....192.168.0.1][43766] [TLS.Cachefly][Unknown][Cloud][Acceptable]
     DAEMON-EVENT: shutdown
