     DAEMON-EVENT: init
     DAEMON-EVENT: [Processed: 0 pkts][ZLib][compressions: 0|diff: 0 / 0]
     DAEMON-EVENT: [Flows][active: 0 / 0|skipped: 0|!detected: 0|guessed: 0|detection-updates: 0|updates: 0]
              new: [.....1] [ip4][..udp] [......127.0.0.1][36576] -> [......127.0.0.1][25826]
         detected: [.....1] [ip4][..udp] [......127.0.0.1][36576] -> [......127.0.0.1][25826] [collectd][Unknown][System][Acceptable][devlap.fritz.box]
              new: [.....2] [ip4][..udp] [......127.0.0.1][36320] -> [......127.0.0.1][25826]
              new: [.....3] [ip4][..udp] [......127.0.0.1][36064] -> [......127.0.0.1][25826]
         detected: [.....3] [ip4][..udp] [......127.0.0.1][36064] -> [......127.0.0.1][25826] [collectd][Unknown][System][Acceptable][devlap.fritz.box]
     DAEMON-EVENT: [Processed: 3 pkts][ZLib][compressions: 0|diff: 0 / 0]
     DAEMON-EVENT: [Flows][active: 3 / 3|skipped: 0|!detected: 0|guessed: 0|detection-updates: 0|updates: 0]
              new: [.....4] [ip4][..udp] [.192.168.178.35][39576] -> [..239.192.74.66][25826]
              new: [.....5] [ip4][..udp] [.192.168.178.35][39577] -> [..239.192.74.66][25826]
             idle: [.....3] [ip4][..udp] [......127.0.0.1][36064] -> [......127.0.0.1][25826] [collectd][Unknown][System][Acceptable]
          guessed: [.....2] [ip4][..udp] [......127.0.0.1][36320] -> [......127.0.0.1][25826] [collectd][Unknown][System][Acceptable][]
             idle: [.....2] [ip4][..udp] [......127.0.0.1][36320] -> [......127.0.0.1][25826]
             idle: [.....1] [ip4][..udp] [......127.0.0.1][36576] -> [......127.0.0.1][25826] [collectd][Unknown][System][Acceptable]
     DAEMON-EVENT: [Processed: 5 pkts][ZLib][compressions: 0|diff: 0 / 0]
     DAEMON-EVENT: [Flows][active: 2 / 5|skipped: 0|!detected: 0|guessed: 1|detection-updates: 0|updates: 0]
              new: [.....6] [ip4][..udp] [......127.0.0.1][54138] -> [......127.0.0.1][25826]
         detected: [.....6] [ip4][..udp] [......127.0.0.1][54138] -> [......127.0.0.1][25826] [collectd][Unknown][System][Acceptable][devlap.fritz.box]
          guessed: [.....4] [ip4][..udp] [.192.168.178.35][39576] -> [..239.192.74.66][25826] [collectd][Unknown][System][Acceptable][]
                   RISK: Susp Entropy
             idle: [.....4] [ip4][..udp] [.192.168.178.35][39576] -> [..239.192.74.66][25826]
          guessed: [.....5] [ip4][..udp] [.192.168.178.35][39577] -> [..239.192.74.66][25826] [collectd][Unknown][System][Acceptable][]
                   RISK: Susp Entropy
             idle: [.....5] [ip4][..udp] [.192.168.178.35][39577] -> [..239.192.74.66][25826]
              new: [.....7] [ip4][..udp] [......127.0.0.1][35988] -> [......127.0.0.1][25826]
         detected: [.....7] [ip4][..udp] [......127.0.0.1][35988] -> [......127.0.0.1][25826] [collectd][Unknown][System][Acceptable][devlap.fritz.box]
           update: [.....6] [ip4][..udp] [......127.0.0.1][54138] -> [......127.0.0.1][25826] [collectd][Unknown][System][Acceptable]
           update: [.....7] [ip4][..udp] [......127.0.0.1][35988] -> [......127.0.0.1][25826] [collectd][Unknown][System][Acceptable]
           update: [.....6] [ip4][..udp] [......127.0.0.1][54138] -> [......127.0.0.1][25826] [collectd][Unknown][System][Acceptable]
           update: [.....7] [ip4][..udp] [......127.0.0.1][35988] -> [......127.0.0.1][25826] [collectd][Unknown][System][Acceptable]
           update: [.....6] [ip4][..udp] [......127.0.0.1][54138] -> [......127.0.0.1][25826] [collectd][Unknown][System][Acceptable]
             idle: [.....6] [ip4][..udp] [......127.0.0.1][54138] -> [......127.0.0.1][25826] [collectd][Unknown][System][Acceptable]
           update: [.....7] [ip4][..udp] [......127.0.0.1][35988] -> [......127.0.0.1][25826] [collectd][Unknown][System][Acceptable]
           update: [.....7] [ip4][..udp] [......127.0.0.1][35988] -> [......127.0.0.1][25826] [collectd][Unknown][System][Acceptable]
           update: [.....7] [ip4][..udp] [......127.0.0.1][35988] -> [......127.0.0.1][25826] [collectd][Unknown][System][Acceptable]
          analyse: [.....7] [ip4][..udp] [......127.0.0.1][35988] -> [......127.0.0.1][25826] [collectd][Unknown][System][Acceptable]
                                         min|       max|       avg|    stddev|         variance|  entropy
                   [IAT.........: <    0.001|    10.000|     8.710|     3.352|     11236716.577|    4.800]
                   [PKTLEN......:   1339.000|  1374.000|  1357.600|    10.800|          116.600|    5.000]
                   [BINS(c->s)..: 0,0,0,0,0,0,0,0,0,0,0,0,0,0,0,0,0,0,0,0,0,0,0,0,0,0,0,0,0,0,0,0,0,0,0,0,0,0,0,0,2,26,4,0,0,0,0,0]
                   [BINS(s->c)..: 0,0,0,0,0,0,0,0,0,0,0,0,0,0,0,0,0,0,0,0,0,0,0,0,0,0,0,0,0,0,0,0,0,0,0,0,0,0,0,0,0,0,0,0,0,0,0,0]
                   [DIRECTIONS..: 0,0,0,0,0,0,0,0,0,0,0,0,0,0,0,0,0,0,0,0,0,0,0,0,0,0,0,0,0,0,0,0]
                   [IATS(ms)....: 9999.0,10000.5,9999.5,9999.9,9999.9,0.5,10000.0,10000.1,9999.7,10000.0,9999.9,10000.0,0.4,9999.8,9999.9,10000.1,9999.9,9999.8,10000.1,0.8,9999.6,9999.6,10000.2,10000.1,9999.9,9999.7,0.6,10000.1,9999.2,10000.4,9999.9]
                   [PKTLENS.....: 1371,1351,1357,1347,1351,1341,1355,1374,1365,1371,1372,1366,1372,1354,1361,1362,1339,1357,1354,1339,1351,1350,1353,1356,1370,1347,1367,1369,1374,1341,1345,1362]
                   [ENTROPIES...: 4.5,4.6,4.6,4.7,4.5,4.5,4.4,4.6,4.6,4.6,4.6,4.5,4.5,4.5,4.6,4.6,4.6,4.6,4.5,4.5,4.4,4.6,4.5,4.6,4.6,4.6,4.6,4.5,4.6,4.6,4.6,4.6]
           update: [.....7] [ip4][..udp] [......127.0.0.1][35988] -> [......127.0.0.1][25826] [collectd][Unknown][System][Acceptable]
           update: [.....7] [ip4][..udp] [......127.0.0.1][35988] -> [......127.0.0.1][25826] [collectd][Unknown][System][Acceptable]
              new: [.....8] [ip4][..udp] [......127.0.0.1][36832] -> [......127.0.0.1][25826]
         detected: [.....8] [ip4][..udp] [......127.0.0.1][36832] -> [......127.0.0.1][25826] [collectd][Unknown][System][Acceptable][devlap.fritz.box]
           update: [.....7] [ip4][..udp] [......127.0.0.1][35988] -> [......127.0.0.1][25826] [collectd][Unknown][System][Acceptable]
           update: [.....8] [ip4][..udp] [......127.0.0.1][36832] -> [......127.0.0.1][25826] [collectd][Unknown][System][Acceptable]
           update: [.....7] [ip4][..udp] [......127.0.0.1][35988] -> [......127.0.0.1][25826] [collectd][Unknown][System][Acceptable]
     DAEMON-EVENT: [Processed: 69 pkts][ZLib][compressions: 0|diff: 0 / 0]
     DAEMON-EVENT: [Flows][active: 2 / 8|skipped: 0|!detected: 0|guessed: 3|detection-updates: 0|updates: 13]
           update: [.....8] [ip4][..udp] [......127.0.0.1][36832] -> [......127.0.0.1][25826] [collectd][Unknown][System][Acceptable]
           update: [.....7] [ip4][..udp] [......127.0.0.1][35988] -> [......127.0.0.1][25826] [collectd][Unknown][System][Acceptable]
              new: [.....9] [ip4][..udp] [.192.168.178.35][39576] -> [..239.192.74.66][25826]
         detected: [.....9] [ip4][..udp] [.192.168.178.35][39576] -> [..239.192.74.66][25826] [collectd][Unknown][System][Acceptable][]
             idle: [.....7] [ip4][..udp] [......127.0.0.1][35988] -> [......127.0.0.1][25826] [collectd][Unknown][System][Acceptable]
             idle: [.....8] [ip4][..udp] [......127.0.0.1][36832] -> [......127.0.0.1][25826] [collectd][Unknown][System][Acceptable]
             idle: [.....9] [ip4][..udp] [.192.168.178.35][39576] -> [..239.192.74.66][25826] [collectd][Unknown][System][Acceptable]
     DAEMON-EVENT: shutdown
