     DAEMON-EVENT: init
     DAEMON-EVENT: [Processed: 0 pkts][ZLib][compressions: 0|diff: 0 / 0]
     DAEMON-EVENT: [Flows][active: 0 / 0|skipped: 0|!detected: 0|guessed: 0|detection-updates: 0|updates: 0]
              new: [.....1] [ip4][..udp] [....10.25.32.59][19948] -> [255.255.255.255][19948]
              new: [.....2] [ip4][..udp] [....10.25.32.59][19948] -> [..64.200.148.82][.1948]
              new: [.....3] [ip4][..udp] [....10.25.32.59][19948] -> [..64.200.148.86][.8888]
         detected: [.....3] [ip4][..udp] [....10.25.32.59][19948] -> [..64.200.148.86][.8888] [Kontiki][Unknown][Media][Potentially Dangerous]
                   RISK: Unsafe Protocol
              new: [.....4] [ip4][.icmp] [...10.25.249.14] -> [....10.25.32.59]
         detected: [.....4] [ip4][.icmp] [...10.25.249.14] -> [....10.25.32.59] [ICMP][Unknown][Network][Acceptable]
              new: [.....5] [ip4][..udp] [....10.25.32.59][19948] -> [..64.200.148.88][...80]
         detected: [.....5] [ip4][..udp] [....10.25.32.59][19948] -> [..64.200.148.88][...80] [Kontiki][Unknown][Media][Potentially Dangerous]
                   RISK: Unsafe Protocol
              new: [.....6] [ip4][.icmp] [.....10.25.32.3] -> [....10.25.32.59]
         detected: [.....6] [ip4][.icmp] [.....10.25.32.3] -> [....10.25.32.59] [ICMP][Unknown][Network][Acceptable]
              new: [.....7] [ip4][.icmp] [216.168.241.157] -> [....10.25.32.59]
         detected: [.....7] [ip4][.icmp] [216.168.241.157] -> [....10.25.32.59] [ICMP][Unknown][Network][Acceptable]
              new: [.....8] [ip4][.icmp] [...4.79.219.125] -> [....10.25.32.59]
         detected: [.....8] [ip4][.icmp] [...4.79.219.125] -> [....10.25.32.59] [ICMP][Unknown][Network][Acceptable]
          analyse: [.....3] [ip4][..udp] [....10.25.32.59][19948] -> [..64.200.148.86][.8888] [Kontiki][Unknown][Media][Potentially Dangerous]
                                         min|       max|       avg|    stddev|         variance|  entropy
                   [IAT.........: <    0.001|     0.608|     0.045|     0.118|        13931.400|    2.600]
                   [PKTLEN......:     32.000|  1269.000|   804.400|   568.000|       322604.600|    4.500]
                   [BINS(c->s)..: 7,0,1,0,0,0,2,0,0,0,0,0,0,0,0,0,0,0,0,0,0,0,0,0,0,0,0,0,0,0,0,0,0,0,0,0,0,0,0,0,0,0,0,0,0,0,0,0]
                   [BINS(s->c)..: 1,0,0,0,0,1,0,0,0,0,0,0,0,0,1,0,0,0,0,0,0,0,0,0,0,0,0,0,0,0,0,0,0,0,0,0,0,0,19,0,0,0,0,0,0,0,0,0]
                   [DIRECTIONS..: 0,0,0,0,1,0,1,0,1,0,1,1,1,1,0,1,1,1,1,1,0,1,1,1,1,1,1,0,1,1,1,1]
                   [IATS(ms)....: 198.6,212.4,193.8,607.7,3.1,5.8,31.2,30.0,8.8,9.1,0.1,0.2,0.0,19.4,18.3,0.1,0.1,0.1,0.1,15.3,14.9,0.0,0.2,0.1,0.0,0.1,15.9,15.4,0.0,0.1,0.1]
                   [PKTLENS.....: 32,32,32,48,56,245,499,232,204,118,1269,1269,1269,1269,44,1269,1269,1269,1269,1269,44,1269,1269,1269,1269,1269,1269,44,1269,1269,1269,1269]
                   [ENTROPIES...: 4.3,4.4,4.4,4.8,5.1,6.3,7.3,7.0,6.9,6.2,7.9,7.8,7.8,7.8,4.9,7.8,7.8,7.8,7.8,7.8,4.9,7.9,7.8,7.8,7.8,7.9,7.8,4.9,7.8,7.8,7.9,7.9]
             idle: [.....8] [ip4][.icmp] [...4.79.219.125] -> [....10.25.32.59] [ICMP][Unknown][Network][Acceptable]
             idle: [.....7] [ip4][.icmp] [216.168.241.157] -> [....10.25.32.59] [ICMP][Unknown][Network][Acceptable]
             idle: [.....3] [ip4][..udp] [....10.25.32.59][19948] -> [..64.200.148.86][.8888] [Kontiki][Unknown][Media][Potentially Dangerous]
                   RISK: Unsafe Protocol
             idle: [.....6] [ip4][.icmp] [.....10.25.32.3] -> [....10.25.32.59] [ICMP][Unknown][Network][Acceptable]
             idle: [.....4] [ip4][.icmp] [...10.25.249.14] -> [....10.25.32.59] [ICMP][Unknown][Network][Acceptable]
     not-detected: [.....1] [ip4][..udp] [....10.25.32.59][19948] -> [255.255.255.255][19948] [Unknown][Unknown][Unrated]
             idle: [.....1] [ip4][..udp] [....10.25.32.59][19948] -> [255.255.255.255][19948]
     not-detected: [.....2] [ip4][..udp] [....10.25.32.59][19948] -> [..64.200.148.82][.1948] [Unknown][Unknown][Unrated]
                   RISK: Susp Entropy
             idle: [.....2] [ip4][..udp] [....10.25.32.59][19948] -> [..64.200.148.82][.1948]
             idle: [.....5] [ip4][..udp] [....10.25.32.59][19948] -> [..64.200.148.88][...80] [Kontiki][Unknown][Media][Potentially Dangerous]
                   RISK: Unsafe Protocol
     DAEMON-EVENT: shutdown
