     DAEMON-EVENT: init
     DAEMON-EVENT: [Processed: 0 pkts][ZLib][compressions: 0|diff: 0 / 0]
     DAEMON-EVENT: [Flows][active: 0 / 0|skipped: 0|!detected: 0|guessed: 0|detection-updates: 0|updates: 0]
              new: [.....1] [ip4][..tcp] [.192.168.88.231][36262] -> [.198.50.120.150][.6112]
         detected: [.....1] [ip4][..tcp] [.192.168.88.231][36262] -> [.198.50.120.150][.6112] [PathofExile][Unknown][Game][Fun]
             idle: [.....1] [ip4][..tcp] [.192.168.88.231][36262] -> [.198.50.120.150][.6112] [PathofExile][Unknown][Game][Fun]
     DAEMON-EVENT: shutdown
