     DAEMON-EVENT: init
     DAEMON-EVENT: [Processed: 0 pkts][ZLib][compressions: 0|diff: 0 / 0]
     DAEMON-EVENT: [Flows][active: 0 / 0|skipped: 0|!detected: 0|guessed: 0|detection-updates: 0|updates: 0]
              new: [.....1] [ip4][..udp] [......127.0.0.1][.8805] -> [......127.0.0.2][.8805]
         detected: [.....1] [ip4][..udp] [......127.0.0.1][.8805] -> [......127.0.0.2][.8805] [PFCP][Unknown][Network][Acceptable]
             idle: [.....1] [ip4][..udp] [......127.0.0.1][.8805] -> [......127.0.0.2][.8805] [PFCP][Unknown][Network][Acceptable]
     DAEMON-EVENT: shutdown
