     DAEMON-EVENT: init
     DAEMON-EVENT: [Processed: 0 pkts][ZLib][compressions: 0|diff: 0 / 0]
     DAEMON-EVENT: [Flows][active: 0 / 0|skipped: 0|!detected: 0|guessed: 0|detection-updates: 0|updates: 0]
              new: [.....1] [ip4][..tcp] [.192.168.12.169][46160] -> [..69.171.250.20][..443]
         detected: [.....1] [ip4][..tcp] [.192.168.12.169][46160] -> [..69.171.250.20][..443] [TLS.Messenger][Facebook][Chat][Acceptable][edge-mqtt.facebook.com]
 detection-update: [.....1] [ip4][..tcp] [.192.168.12.169][46160] -> [..69.171.250.20][..443] [TLS.Messenger][Facebook][Chat][Acceptable][edge-mqtt.facebook.com]
     DAEMON-EVENT: [Processed: 4 pkts][ZLib][compressions: 0|diff: 0 / 0]
     DAEMON-EVENT: [Flows][active: 1 / 1|skipped: 0|!detected: 0|guessed: 0|detection-updates: 1|updates: 0]
              new: [.....2] [ip4][..tcp] [..192.168.1.250][41878] -> [...92.122.95.99][..443]
         detected: [.....2] [ip4][..tcp] [..192.168.1.250][41878] -> [...92.122.95.99][..443] [TLS.TikTok][Unknown][SocialNetwork][Fun][vcs-va.tiktokv.com]
 detection-update: [.....2] [ip4][..tcp] [..192.168.1.250][41878] -> [...92.122.95.99][..443] [TLS.TikTok][Unknown][SocialNetwork][Fun][vcs-va.tiktokv.com]
             idle: [.....1] [ip4][..tcp] [.192.168.12.169][46160] -> [..69.171.250.20][..443] [TLS.Messenger][Facebook][Chat][Acceptable]
     DAEMON-EVENT: [Processed: 35 pkts][ZLib][compressions: 0|diff: 0 / 0]
     DAEMON-EVENT: [Flows][active: 1 / 2|skipped: 0|!detected: 0|guessed: 0|detection-updates: 2|updates: 0]
              new: [.....3] [ip4][..tcp] [..192.168.1.227][50071] -> [...52.73.71.226][..443]
         detected: [.....3] [ip4][..tcp] [..192.168.1.227][50071] -> [...52.73.71.226][..443] [TLS.Fuze][AmazonAWS][VoIP][Acceptable][presence.fuze.com]
 detection-update: [.....3] [ip4][..tcp] [..192.168.1.227][50071] -> [...52.73.71.226][..443] [TLS.Fuze][AmazonAWS][VoIP][Acceptable][presence.fuze.com]
 detection-update: [.....3] [ip4][..tcp] [..192.168.1.227][50071] -> [...52.73.71.226][..443] [TLS.Fuze][AmazonAWS][VoIP][Acceptable][presence.fuze.com]
              end: [.....2] [ip4][..tcp] [..192.168.1.250][41878] -> [...92.122.95.99][..443] [TLS.TikTok][Unknown][SocialNetwork][Fun]
     DAEMON-EVENT: [Processed: 66 pkts][ZLib][compressions: 0|diff: 0 / 0]
     DAEMON-EVENT: [Flows][active: 1 / 3|skipped: 0|!detected: 0|guessed: 0|detection-updates: 4|updates: 0]
              new: [.....4] [ip4][..tcp] [..192.168.1.128][50620] -> [.91.198.174.208][..443]
         detected: [.....4] [ip4][..tcp] [..192.168.1.128][50620] -> [.91.198.174.208][..443] [TLS.Wikipedia][Unknown][Web][Safe][upload.wikimedia.org]
 detection-update: [.....4] [ip4][..tcp] [..192.168.1.128][50620] -> [.91.198.174.208][..443] [TLS.Wikipedia][Unknown][Web][Safe][upload.wikimedia.org]
          analyse: [.....4] [ip4][..tcp] [..192.168.1.128][50620] -> [.91.198.174.208][..443] [TLS.Wikipedia][Unknown][Web][Safe]
                                         min|       max|       avg|    stddev|         variance|  entropy
                   [IAT.........:      0.000|     0.053|     0.010|     0.020|          390.951|    2.800]
                   [PKTLEN......:     52.000|  1500.000|   599.800|   646.400|       417856.700|    4.100]
                   [BINS(c->s)..: 10,0,1,0,0,1,0,1,0,0,0,0,0,0,0,0,1,0,0,0,0,0,0,0,0,0,0,0,0,0,0,0,0,0,0,0,0,0,0,0,0,0,0,0,0,0,0,0]
                   [BINS(s->c)..: 3,1,0,1,0,0,0,0,0,1,1,0,0,0,0,0,0,0,0,0,0,0,0,0,0,0,0,0,0,0,0,0,0,0,0,0,0,1,0,0,0,0,0,0,0,10,0,0]
                   [DIRECTIONS..: 0,1,0,0,1,1,1,1,1,0,0,0,0,0,0,0,1,1,1,1,1,1,1,1,1,1,1,1,0,0,0,0]
                   [IATS(ms)....: 46.8,50.1,2.2,52.9,0.2,0.0,0.0,0.0,52.2,0.0,0.0,0.0,1.5,0.6,2.4,52.4,0.0,0.8,3.1,0.0,0.2,0.0,0.0,0.0,0.0,0.0,0.2,47.9,0.0,0.0,0.2]
                   [PKTLENS.....: 60,60,52,569,52,1500,1500,1252,152,52,52,52,52,132,222,290,355,95,83,1500,1500,1500,1500,1500,1500,1500,1500,374,52,52,52,83]
                   [ENTROPIES...: 4.7,5.2,5.0,5.4,5.1,7.8,7.9,7.8,6.5,5.0,5.0,5.1,5.1,6.3,6.9,7.1,7.4,6.0,5.7,7.9,7.9,7.9,7.9,7.9,7.9,7.9,7.9,7.4,5.1,5.0,5.1,5.6]
              end: [.....3] [ip4][..tcp] [..192.168.1.227][50071] -> [...52.73.71.226][..443] [TLS.Fuze][AmazonAWS][VoIP][Acceptable]
     DAEMON-EVENT: [Processed: 118 pkts][ZLib][compressions: 0|diff: 0 / 0]
     DAEMON-EVENT: [Flows][active: 1 / 4|skipped: 0|!detected: 0|guessed: 0|detection-updates: 5|updates: 0]
              new: [.....5] [ip4][..tcp] [..192.168.1.250][39890] -> [...45.82.241.51][...80]
         detected: [.....5] [ip4][..tcp] [..192.168.1.250][39890] -> [...45.82.241.51][...80] [HTTP.Likee][Unknown][SocialNetwork][Fun][videosnap.like.video]
          analyse: [.....5] [ip4][..tcp] [..192.168.1.250][39890] -> [...45.82.241.51][...80] [HTTP.Likee][Unknown][SocialNetwork][Fun]
                                         min|       max|       avg|    stddev|         variance|  entropy
                   [IAT.........:      0.000|     1.031|     0.071|     0.245|        60093.178|    1.600]
                   [PKTLEN......:     46.000|  1500.000|   645.100|   701.200|       491744.000|    4.000]
                   [BINS(c->s)..: 15,0,0,0,0,2,0,0,0,0,0,0,0,0,0,0,0,0,0,0,0,0,0,0,0,0,0,0,0,0,0,0,0,0,0,0,0,0,0,0,0,0,0,0,0,0,0,0]
                   [BINS(s->c)..: 2,0,0,0,0,0,0,0,0,0,0,0,0,0,0,0,0,0,0,0,0,0,0,0,0,0,0,0,0,0,0,0,0,0,0,0,0,0,0,0,0,1,0,0,0,12,0,0]
                   [DIRECTIONS..: 0,1,0,0,1,1,1,1,1,1,1,1,0,0,0,0,0,0,0,0,1,1,1,1,0,0,1,1,0,0,0,0]
                   [IATS(ms)....: 27.9,29.1,9.5,39.2,3.0,0.0,0.2,0.0,0.0,0.0,0.0,59.9,0.0,0.3,0.0,0.0,0.3,0.0,974.3,1031.1,0.0,0.0,0.0,29.6,0.5,2.0,0.0,0.5,0.0,0.7,0.0]
                   [PKTLENS.....: 60,52,46,230,46,1500,1500,1500,1500,1500,1500,1382,46,46,46,46,46,46,46,230,1500,1500,1500,1500,46,46,1500,1500,46,46,46,46]
                   [ENTROPIES...: 4.7,4.9,4.3,5.7,4.3,7.7,7.9,7.8,7.9,7.9,7.9,7.9,4.3,4.3,4.3,4.3,4.3,4.3,4.3,5.7,7.7,7.9,7.9,7.9,4.3,4.3,7.9,7.9,4.3,4.3,4.3,4.3]
              end: [.....4] [ip4][..tcp] [..192.168.1.128][50620] -> [.91.198.174.208][..443] [TLS.Wikipedia][Unknown][Web][Safe]
     DAEMON-EVENT: [Processed: 230 pkts][ZLib][compressions: 0|diff: 0 / 0]
     DAEMON-EVENT: [Flows][active: 1 / 5|skipped: 0|!detected: 0|guessed: 0|detection-updates: 5|updates: 0]
              new: [.....6] [ip4][..tcp] [..192.168.1.128][46724] -> [.199.232.82.109][..443]
         detected: [.....6] [ip4][..tcp] [..192.168.1.128][46724] -> [.199.232.82.109][..443] [TLS.Vimeo][Unknown][Streaming][Fun][f.vimeocdn.com]
 detection-update: [.....6] [ip4][..tcp] [..192.168.1.128][46724] -> [.199.232.82.109][..443] [TLS.Vimeo][Unknown][Streaming][Fun][f.vimeocdn.com]
 detection-update: [.....6] [ip4][..tcp] [..192.168.1.128][46724] -> [.199.232.82.109][..443] [TLS.Vimeo][Unknown][Streaming][Fun][f.vimeocdn.com]
              end: [.....5] [ip4][..tcp] [..192.168.1.250][39890] -> [...45.82.241.51][...80] [HTTP.Likee][Unknown][SocialNetwork][Fun]
     DAEMON-EVENT: [Processed: 255 pkts][ZLib][compressions: 0|diff: 0 / 0]
     DAEMON-EVENT: [Flows][active: 1 / 6|skipped: 0|!detected: 0|guessed: 0|detection-updates: 7|updates: 0]
              new: [.....7] [ip4][..tcp] [..192.168.1.128][48918] -> [...143.204.9.65][..443]
         detected: [.....7] [ip4][..tcp] [..192.168.1.128][48918] -> [...143.204.9.65][..443] [TLS.DisneyPlus][AmazonAWS][Streaming][Fun][prod-static.disney-plus.net]
 detection-update: [.....7] [ip4][..tcp] [..192.168.1.128][48918] -> [...143.204.9.65][..443] [TLS.DisneyPlus][AmazonAWS][Streaming][Fun][prod-static.disney-plus.net]
              end: [.....6] [ip4][..tcp] [..192.168.1.128][46724] -> [.199.232.82.109][..443] [TLS.Vimeo][Unknown][Streaming][Fun]
     DAEMON-EVENT: [Processed: 284 pkts][ZLib][compressions: 0|diff: 0 / 0]
     DAEMON-EVENT: [Flows][active: 1 / 7|skipped: 0|!detected: 0|guessed: 0|detection-updates: 8|updates: 0]
              new: [.....8] [ip4][..tcp] [.192.168.12.169][39248] -> [...23.12.104.83][..443]
         detected: [.....8] [ip4][..tcp] [.192.168.12.169][39248] -> [...23.12.104.83][..443] [TLS.AccuWeather][Unknown][Web][Fun][api.accuweather.com]
 detection-update: [.....8] [ip4][..tcp] [.192.168.12.169][39248] -> [...23.12.104.83][..443] [TLS.AccuWeather][Unknown][Web][Fun][api.accuweather.com]
              end: [.....7] [ip4][..tcp] [..192.168.1.128][48918] -> [...143.204.9.65][..443] [TLS.DisneyPlus][AmazonAWS][Streaming][Fun]
     DAEMON-EVENT: [Processed: 314 pkts][ZLib][compressions: 0|diff: 0 / 0]
     DAEMON-EVENT: [Flows][active: 1 / 8|skipped: 0|!detected: 0|guessed: 0|detection-updates: 9|updates: 0]
              new: [.....9] [ip4][..udp] [..192.168.1.123][59102] -> [..216.58.209.46][..443]
         detected: [.....9] [ip4][..udp] [..192.168.1.123][59102] -> [..216.58.209.46][..443] [QUIC.GoogleClassroom][Google][Collaborative][Safe][classroom.google.com]
              end: [.....8] [ip4][..tcp] [.192.168.12.169][39248] -> [...23.12.104.83][..443] [TLS.AccuWeather][Unknown][Web][Fun]
     DAEMON-EVENT: [Processed: 315 pkts][ZLib][compressions: 0|diff: 0 / 0]
     DAEMON-EVENT: [Flows][active: 1 / 9|skipped: 0|!detected: 0|guessed: 0|detection-updates: 9|updates: 0]
              new: [....10] [ip4][..tcp] [..192.168.1.128][35054] -> [..31.222.67.112][..443]
         detected: [....10] [ip4][..tcp] [..192.168.1.128][35054] -> [..31.222.67.112][..443] [TLS.Badoo][Unknown][SocialNetwork][Fun][www.badoo.com]
 detection-update: [....10] [ip4][..tcp] [..192.168.1.128][35054] -> [..31.222.67.112][..443] [TLS.Badoo][Unknown][SocialNetwork][Fun][www.badoo.com]
             idle: [.....9] [ip4][..udp] [..192.168.1.123][59102] -> [..216.58.209.46][..443] [QUIC.GoogleClassroom][Google][Collaborative][Safe]
              new: [....11] [ip4][..tcp] [..192.168.1.128][53998] -> [..172.65.251.78][..443]
         detected: [....11] [ip4][..tcp] [..192.168.1.128][53998] -> [..172.65.251.78][..443] [TLS.GitLab][Cloudflare][Collaborative][Fun][www.gitlab.com]
 detection-update: [....11] [ip4][..tcp] [..192.168.1.128][53998] -> [..172.65.251.78][..443] [TLS.GitLab][Cloudflare][Collaborative][Fun][www.gitlab.com]
              new: [....12] [ip4][..tcp] [..192.168.1.128][42580] -> [...2.17.141.128][..443]
         detected: [....12] [ip4][..tcp] [..192.168.1.128][42580] -> [...2.17.141.128][..443] [TLS.Activision][Unknown][Game][Fun][www.activision.com]
 detection-update: [....12] [ip4][..tcp] [..192.168.1.128][42580] -> [...2.17.141.128][..443] [TLS.Activision][Unknown][Game][Fun][www.activision.com]
 detection-update: [....12] [ip4][..tcp] [..192.168.1.128][42580] -> [...2.17.141.128][..443] [TLS.Activision][Unknown][Game][Fun][www.activision.com]
              new: [....13] [ip4][..tcp] [..192.168.1.128][46084] -> [..146.75.62.167][..443]
         detected: [....13] [ip4][..tcp] [..192.168.1.128][46084] -> [..146.75.62.167][..443] [TLS.Twitch][Unknown][Video][Fun][gql.twitch.tv]
 detection-update: [....13] [ip4][..tcp] [..192.168.1.128][46084] -> [..146.75.62.167][..443] [TLS.Twitch][Unknown][Video][Fun][gql.twitch.tv]
              new: [....14] [ip4][..tcp] [..192.168.1.128][45936] -> [..208.85.40.158][...80]
              new: [....15] [ip4][..tcp] [..192.168.1.128][51806] -> [..18.66.196.102][..443]
         detected: [....15] [ip4][..tcp] [..192.168.1.128][51806] -> [..18.66.196.102][..443] [TLS.SoundCloud][AmazonAWS][Music][Fun][soundcloud.com]
 detection-update: [....15] [ip4][..tcp] [..192.168.1.128][51806] -> [..18.66.196.102][..443] [TLS.SoundCloud][AmazonAWS][Music][Fun][soundcloud.com]
              new: [....16] [ip4][..tcp] [..192.168.1.128][56468] -> [.151.101.192.92][..443]
         detected: [....16] [ip4][..tcp] [..192.168.1.128][56468] -> [.151.101.192.92][..443] [TLS.Vevo][Unknown][Music][Fun][vevo.com]
 detection-update: [....16] [ip4][..tcp] [..192.168.1.128][56468] -> [.151.101.192.92][..443] [TLS.Vevo][Unknown][Music][Fun][vevo.com]
 detection-update: [....16] [ip4][..tcp] [..192.168.1.128][56468] -> [.151.101.192.92][..443] [TLS.Vevo][Unknown][Music][Fun][vevo.com]
              new: [....17] [ip4][..tcp] [..192.168.1.128][48140] -> [.....23.1.66.79][..443]
         detected: [....17] [ip4][..tcp] [..192.168.1.128][48140] -> [.....23.1.66.79][..443] [TLS.CNN][Unknown][Web][Safe][cdn.cnn.com]
 detection-update: [....17] [ip4][..tcp] [..192.168.1.128][48140] -> [.....23.1.66.79][..443] [TLS.CNN][Unknown][Web][Safe][cdn.cnn.com]
              new: [....18] [ip4][..tcp] [..192.168.1.128][40832] -> [....2.17.141.49][..443]
         detected: [....18] [ip4][..tcp] [..192.168.1.128][40832] -> [....2.17.141.49][..443] [TLS.eBay][Unknown][Shopping][Safe][www.ebay.com]
 detection-update: [....18] [ip4][..tcp] [..192.168.1.128][40832] -> [....2.17.141.49][..443] [TLS.eBay][Unknown][Shopping][Safe][www.ebay.com]
              new: [....19] [ip4][..tcp] [..192.168.1.128][42884] -> [.185.125.190.21][..443]
         detected: [....19] [ip4][..tcp] [..192.168.1.128][42884] -> [.185.125.190.21][..443] [TLS.UbuntuONE][UbuntuONE][Cloud][Acceptable][assets.ubuntu.com]
 detection-update: [....19] [ip4][..tcp] [..192.168.1.128][42884] -> [.185.125.190.21][..443] [TLS.UbuntuONE][UbuntuONE][Cloud][Acceptable][assets.ubuntu.com]
              new: [....20] [ip4][..tcp] [..192.168.1.128][51248] -> [..95.131.169.91][..443]
         detected: [....20] [ip4][..tcp] [..192.168.1.128][51248] -> [..95.131.169.91][..443] [TLS.Tuenti][Unknown][VoIP][Acceptable][tuenti.com]
 detection-update: [....20] [ip4][..tcp] [..192.168.1.128][51248] -> [..95.131.169.91][..443] [TLS.Tuenti][Unknown][VoIP][Acceptable][tuenti.com]
 detection-update: [....20] [ip4][..tcp] [..192.168.1.128][51248] -> [..95.131.169.91][..443] [TLS.Tuenti][Unknown][VoIP][Acceptable][tuenti.com]
              new: [....21] [ip4][..tcp] [..192.168.1.128][39302] -> [..95.131.170.91][..443]
         detected: [....21] [ip4][..tcp] [..192.168.1.128][39302] -> [..95.131.170.91][..443] [TLS.Tuenti][Unknown][VoIP][Acceptable][static.tuenti.com]
 detection-update: [....21] [ip4][..tcp] [..192.168.1.128][39302] -> [..95.131.170.91][..443] [TLS.Tuenti][Unknown][VoIP][Acceptable][static.tuenti.com]
 detection-update: [....21] [ip4][..tcp] [..192.168.1.128][39302] -> [..95.131.170.91][..443] [TLS.Tuenti][Unknown][VoIP][Acceptable][static.tuenti.com]
              new: [....22] [ip4][..tcp] [..192.168.1.128][51432] -> [.95.101.195.214][..443]
         detected: [....22] [ip4][..tcp] [..192.168.1.128][51432] -> [.95.101.195.214][..443] [TLS.Hulu][Unknown][Streaming][Fun][hulu.com]
 detection-update: [....22] [ip4][..tcp] [..192.168.1.128][51432] -> [.95.101.195.214][..443] [TLS.Hulu][Unknown][Streaming][Fun][hulu.com]
              new: [....23] [ip4][..tcp] [..192.168.1.128][44954] -> [..34.96.123.111][...80]
              new: [....24] [ip4][..tcp] [..192.168.1.128][47122] -> [.35.201.112.136][..443]
         detected: [....24] [ip4][..tcp] [..192.168.1.128][47122] -> [.35.201.112.136][..443] [TLS.LastFM][GoogleCloud][Music][Fun][kerve.last.fm]
 detection-update: [....24] [ip4][..tcp] [..192.168.1.128][47122] -> [.35.201.112.136][..443] [TLS.LastFM][GoogleCloud][Music][Fun][kerve.last.fm]
              new: [....25] [ip4][..tcp] [..192.168.1.128][39036] -> [..69.191.252.15][...80]
              new: [....26] [ip4][..tcp] [..192.168.1.128][43412] -> [.151.101.193.73][..443]
         detected: [....26] [ip4][..tcp] [..192.168.1.128][43412] -> [.151.101.193.73][..443] [TLS.Bloomberg][Unknown][Cloud][Acceptable][www.bloomberg.com]
 detection-update: [....26] [ip4][..tcp] [..192.168.1.128][43412] -> [.151.101.193.73][..443] [TLS.Bloomberg][Unknown][Cloud][Acceptable][www.bloomberg.com]
 detection-update: [....26] [ip4][..tcp] [..192.168.1.128][43412] -> [.151.101.193.73][..443] [TLS.Bloomberg][Unknown][Cloud][Acceptable][www.bloomberg.com]
              new: [....27] [ip4][..tcp] [..192.168.1.128][57014] -> [108.139.210.102][..443]
         detected: [....27] [ip4][..tcp] [..192.168.1.128][57014] -> [108.139.210.102][..443] [TLS.Bloomberg][AmazonAWS][Cloud][Acceptable][sourcepointcmp.bloomberg.com]
 detection-update: [....27] [ip4][..tcp] [..192.168.1.128][57014] -> [108.139.210.102][..443] [TLS.Bloomberg][AmazonAWS][Cloud][Acceptable][sourcepointcmp.bloomberg.com]
              new: [....28] [ip4][..tcp] [..192.168.1.128][48654] -> [...13.107.42.14][..443]
         detected: [....28] [ip4][..tcp] [..192.168.1.128][48654] -> [...13.107.42.14][..443] [TLS.LinkedIn][Azure][SocialNetwork][Fun][www.linkedin.com]
 detection-update: [....28] [ip4][..tcp] [..192.168.1.128][48654] -> [...13.107.42.14][..443] [TLS.LinkedIn][Azure][SocialNetwork][Fun][www.linkedin.com]
              new: [....29] [ip4][..tcp] [..192.168.1.128][39934] -> [..104.23.98.190][..443]
         detected: [....29] [ip4][..tcp] [..192.168.1.128][39934] -> [..104.23.98.190][..443] [TLS.Pastebin][Cloudflare][Download][Potentially Dangerous][pastebin.com]
                   RISK: Unsafe Protocol
 detection-update: [....29] [ip4][..tcp] [..192.168.1.128][39934] -> [..104.23.98.190][..443] [TLS.Pastebin][Cloudflare][Download][Potentially Dangerous][pastebin.com]
                   RISK: Unsafe Protocol
              new: [....30] [ip4][..tcp] [..192.168.1.128][57336] -> [....23.1.68.189][..443]
         detected: [....30] [ip4][..tcp] [..192.168.1.128][57336] -> [....23.1.68.189][..443] [TLS.Playstation][Unknown][Game][Fun][www.playstation.com]
 detection-update: [....30] [ip4][..tcp] [..192.168.1.128][57336] -> [....23.1.68.189][..443] [TLS.Playstation][Unknown][Game][Fun][www.playstation.com]
 detection-update: [....30] [ip4][..tcp] [..192.168.1.128][57336] -> [....23.1.68.189][..443] [TLS.Playstation][Unknown][Game][Fun][www.playstation.com]
              new: [....31] [ip4][..tcp] [..192.168.1.128][46264] -> [...23.51.246.65][..443]
         detected: [....31] [ip4][..tcp] [..192.168.1.128][46264] -> [...23.51.246.65][..443] [TLS.Playstation][Unknown][Game][Fun][static.playstation.com]
 detection-update: [....31] [ip4][..tcp] [..192.168.1.128][46264] -> [...23.51.246.65][..443] [TLS.Playstation][Unknown][Game][Fun][static.playstation.com]
              new: [....32] [ip4][..tcp] [..192.168.1.128][43150] -> [.108.138.199.67][..443]
         detected: [....32] [ip4][..tcp] [..192.168.1.128][43150] -> [.108.138.199.67][..443] [TLS.Deezer][AmazonAWS][Music][Fun][deezer.com]
 detection-update: [....32] [ip4][..tcp] [..192.168.1.128][43150] -> [.108.138.199.67][..443] [TLS.Deezer][AmazonAWS][Music][Fun][deezer.com]
              new: [....33] [ip4][..tcp] [..192.168.1.128][52070] -> [....18.65.82.67][...80]
              new: [....34] [ip4][..tcp] [..192.168.1.128][38858] -> [142.250.180.142][..443]
         detected: [....34] [ip4][..tcp] [..192.168.1.128][38858] -> [142.250.180.142][..443] [TLS.GoogleMaps][Google][Web][Safe][maps.google.com]
 detection-update: [....34] [ip4][..tcp] [..192.168.1.128][38858] -> [142.250.180.142][..443] [TLS.GoogleMaps][Google][Web][Safe][maps.google.com]
              new: [....35] [ip4][..tcp] [..192.168.1.128][48902] -> [....2.17.140.63][..443]
         detected: [....35] [ip4][..tcp] [..192.168.1.128][48902] -> [....2.17.140.63][..443] [TLS.Xbox][Unknown][Game][Fun][account.xbox.com]
 detection-update: [....35] [ip4][..tcp] [..192.168.1.128][48902] -> [....2.17.140.63][..443] [TLS.Xbox][Unknown][Game][Fun][account.xbox.com]
              new: [....36] [ip4][..tcp] [..192.168.1.128][39828] -> [....40.97.160.2][..443]
         detected: [....36] [ip4][..tcp] [..192.168.1.128][39828] -> [....40.97.160.2][..443] [TLS.Outlook][Outlook][Email][Acceptable][outlook.com]
 detection-update: [....36] [ip4][..tcp] [..192.168.1.128][39828] -> [....40.97.160.2][..443] [TLS.Outlook][Outlook][Email][Acceptable][outlook.com]
     DAEMON-EVENT: [Processed: 457 pkts][ZLib][compressions: 0|diff: 0 / 0]
     DAEMON-EVENT: [Flows][active: 27 / 36|skipped: 0|!detected: 0|guessed: 0|detection-updates: 38|updates: 0]
              new: [....37] [ip4][..tcp] [..192.168.1.128][45898] -> [..15.160.39.187][..443]
         detected: [....37] [ip4][..tcp] [..192.168.1.128][45898] -> [..15.160.39.187][..443] [TLS.AppleSiri][AmazonAWS][VirtAssistant][Acceptable][guzzoni.apple.com]
 detection-update: [....37] [ip4][..tcp] [..192.168.1.128][45898] -> [..15.160.39.187][..443] [TLS.AppleSiri][AmazonAWS][VirtAssistant][Acceptable][guzzoni.apple.com]
             idle: [....22] [ip4][..tcp] [..192.168.1.128][51432] -> [.95.101.195.214][..443] [TLS.Hulu][Unknown][Streaming][Fun]
          guessed: [....23] [ip4][..tcp] [..192.168.1.128][44954] -> [..34.96.123.111][...80] [HTTP][GoogleCloud][Web][Acceptable][]
             idle: [....23] [ip4][..tcp] [..192.168.1.128][44954] -> [..34.96.123.111][...80]
          guessed: [....25] [ip4][..tcp] [..192.168.1.128][39036] -> [..69.191.252.15][...80] [HTTP][Bloomberg][Web][Acceptable][]
             idle: [....25] [ip4][..tcp] [..192.168.1.128][39036] -> [..69.191.252.15][...80]
             idle: [....10] [ip4][..tcp] [..192.168.1.128][35054] -> [..31.222.67.112][..443] [TLS.Badoo][Unknown][SocialNetwork][Fun]
             idle: [....26] [ip4][..tcp] [..192.168.1.128][43412] -> [.151.101.193.73][..443] [TLS.Bloomberg][Unknown][Cloud][Acceptable]
             idle: [....12] [ip4][..tcp] [..192.168.1.128][42580] -> [...2.17.141.128][..443] [TLS.Activision][Unknown][Game][Fun]
             idle: [....13] [ip4][..tcp] [..192.168.1.128][46084] -> [..146.75.62.167][..443] [TLS.Twitch][Unknown][Video][Fun]
             idle: [....31] [ip4][..tcp] [..192.168.1.128][46264] -> [...23.51.246.65][..443] [TLS.Playstation][Unknown][Game][Fun]
          guessed: [....14] [ip4][..tcp] [..192.168.1.128][45936] -> [..208.85.40.158][...80] [HTTP][Unknown][Web][Acceptable][]
             idle: [....14] [ip4][..tcp] [..192.168.1.128][45936] -> [..208.85.40.158][...80]
             idle: [....35] [ip4][..tcp] [..192.168.1.128][48902] -> [....2.17.140.63][..443] [TLS.Xbox][Unknown][Game][Fun]
             idle: [....18] [ip4][..tcp] [..192.168.1.128][40832] -> [....2.17.141.49][..443] [TLS.eBay][Unknown][Shopping][Safe]
             idle: [....30] [ip4][..tcp] [..192.168.1.128][57336] -> [....23.1.68.189][..443] [TLS.Playstation][Unknown][Game][Fun]
             idle: [....28] [ip4][..tcp] [..192.168.1.128][48654] -> [...13.107.42.14][..443] [TLS.LinkedIn][Azure][SocialNetwork][Fun]
             idle: [....24] [ip4][..tcp] [..192.168.1.128][47122] -> [.35.201.112.136][..443] [TLS.LastFM][GoogleCloud][Music][Fun]
             idle: [....27] [ip4][..tcp] [..192.168.1.128][57014] -> [108.139.210.102][..443] [TLS.Bloomberg][AmazonAWS][Cloud][Acceptable]
             idle: [....16] [ip4][..tcp] [..192.168.1.128][56468] -> [.151.101.192.92][..443] [TLS.Vevo][Unknown][Music][Fun]
             idle: [....34] [ip4][..tcp] [..192.168.1.128][38858] -> [142.250.180.142][..443] [TLS.GoogleMaps][Google][Web][Safe]
             idle: [....32] [ip4][..tcp] [..192.168.1.128][43150] -> [.108.138.199.67][..443] [TLS.Deezer][AmazonAWS][Music][Fun]
          guessed: [....33] [ip4][..tcp] [..192.168.1.128][52070] -> [....18.65.82.67][...80] [HTTP][AmazonAWS][Web][Acceptable][]
             idle: [....33] [ip4][..tcp] [..192.168.1.128][52070] -> [....18.65.82.67][...80]
             idle: [....29] [ip4][..tcp] [..192.168.1.128][39934] -> [..104.23.98.190][..443] [TLS.Pastebin][Cloudflare][Download][Potentially Dangerous]
                   RISK: Unsafe Protocol
             idle: [....20] [ip4][..tcp] [..192.168.1.128][51248] -> [..95.131.169.91][..443] [TLS.Tuenti][Unknown][VoIP][Acceptable]
             idle: [....15] [ip4][..tcp] [..192.168.1.128][51806] -> [..18.66.196.102][..443] [TLS.SoundCloud][AmazonAWS][Music][Fun]
             idle: [....11] [ip4][..tcp] [..192.168.1.128][53998] -> [..172.65.251.78][..443] [TLS.GitLab][Cloudflare][Collaborative][Fun]
             idle: [....36] [ip4][..tcp] [..192.168.1.128][39828] -> [....40.97.160.2][..443] [TLS.Outlook][Outlook][Email][Acceptable]
             idle: [....21] [ip4][..tcp] [..192.168.1.128][39302] -> [..95.131.170.91][..443] [TLS.Tuenti][Unknown][VoIP][Acceptable]
             idle: [....17] [ip4][..tcp] [..192.168.1.128][48140] -> [.....23.1.66.79][..443] [TLS.CNN][Unknown][Web][Safe]
             idle: [....19] [ip4][..tcp] [..192.168.1.128][42884] -> [.185.125.190.21][..443] [TLS.UbuntuONE][UbuntuONE][Cloud][Acceptable]
              new: [....38] [ip4][..tcp] [..192.168.1.128][57878] -> [.52.113.194.132][..443]
         detected: [....38] [ip4][..tcp] [..192.168.1.128][57878] -> [.52.113.194.132][..443] [TLS.Teams][Skype_Teams][Collaborative][Safe][teams.office.com]
 detection-update: [....38] [ip4][..tcp] [..192.168.1.128][57878] -> [.52.113.194.132][..443] [TLS.Teams][Skype_Teams][Collaborative][Safe][teams.office.com]
              new: [....39] [ip4][..tcp] [..192.168.1.128][33664] -> [108.138.185.106][..443]
         detected: [....39] [ip4][..tcp] [..192.168.1.128][33664] -> [108.138.185.106][..443] [TLS.AmazonVideo][AmazonAWS][Video][Fun][www.primevideo.com]
 detection-update: [....39] [ip4][..tcp] [..192.168.1.128][33664] -> [108.138.185.106][..443] [TLS.AmazonVideo][AmazonAWS][Video][Fun][www.primevideo.com]
              new: [....40] [ip4][..tcp] [..192.168.1.128][56458] -> [142.250.185.142][..443]
         detected: [....40] [ip4][..tcp] [..192.168.1.128][56458] -> [142.250.185.142][..443] [TLS.GoogleDrive][Google][Cloud][Acceptable][drive.google.com]
 detection-update: [....40] [ip4][..tcp] [..192.168.1.128][56458] -> [142.250.185.142][..443] [TLS.GoogleDrive][Google][Cloud][Acceptable][drive.google.com]
              new: [....41] [ip4][..tcp] [..192.168.1.128][33102] -> [...13.81.118.91][..443]
         detected: [....41] [ip4][..tcp] [..192.168.1.128][33102] -> [...13.81.118.91][..443] [TLS.Skype_Teams][Azure][VoIP][Acceptable][onedrive.com]
 detection-update: [....41] [ip4][..tcp] [..192.168.1.128][33102] -> [...13.81.118.91][..443] [TLS.Microsoft][Azure][Cloud][Safe][onedrive.com]
              new: [....42] [ip4][..tcp] [..192.168.1.128][56836] -> [...13.107.42.13][..443]
         detected: [....42] [ip4][..tcp] [..192.168.1.128][56836] -> [...13.107.42.13][..443] [TLS.MS_OneDrive][Azure][Cloud][Acceptable][onedrive.live.com]
 detection-update: [....42] [ip4][..tcp] [..192.168.1.128][56836] -> [...13.107.42.13][..443] [TLS.MS_OneDrive][Azure][Cloud][Acceptable][onedrive.live.com]
              new: [....43] [ip4][..tcp] [..192.168.1.128][45014] -> [129.226.107.210][..443]
         detected: [....43] [ip4][..tcp] [..192.168.1.128][45014] -> [129.226.107.210][..443] [TLS.IFLIX][Tencent][Video][Fun][www.iflix.com]
 detection-update: [....43] [ip4][..tcp] [..192.168.1.128][45014] -> [129.226.107.210][..443] [TLS.IFLIX][Tencent][Video][Fun][www.iflix.com]
 detection-update: [....43] [ip4][..tcp] [..192.168.1.128][45014] -> [129.226.107.210][..443] [TLS.IFLIX][Tencent][Video][Fun][www.iflix.com]
              new: [....44] [ip4][..udp] [..192.168.1.128][38642] -> [.216.58.212.142][..443]
         detected: [....44] [ip4][..udp] [..192.168.1.128][38642] -> [.216.58.212.142][..443] [QUIC.Google][Google][Web][Acceptable][hangouts.google.com]
              new: [....45] [ip4][..tcp] [..192.168.1.128][50608] -> [142.250.185.206][..443]
         detected: [....45] [ip4][..tcp] [..192.168.1.128][50608] -> [142.250.185.206][..443] [TLS][Google][Web][Safe][googleplus.com]
 detection-update: [....45] [ip4][..tcp] [..192.168.1.128][50608] -> [142.250.185.206][..443] [TLS][Google][Web][Safe][googleplus.com]
              new: [....46] [ip4][..udp] [..192.168.1.128][36832] -> [142.250.181.238][..443]
         detected: [....46] [ip4][..udp] [..192.168.1.128][36832] -> [142.250.181.238][..443] [QUIC.Google][Google][Web][Acceptable][plus.google.com]
           update: [....44] [ip4][..udp] [..192.168.1.128][38642] -> [.216.58.212.142][..443] [QUIC.Google][Google][Web][Acceptable]
     DAEMON-EVENT: [Processed: 512 pkts][ZLib][compressions: 0|diff: 0 / 0]
     DAEMON-EVENT: [Flows][active: 10 / 46|skipped: 0|!detected: 0|guessed: 4|detection-updates: 47|updates: 1]
              new: [....47] [ip4][..tcp] [..192.168.1.128][53978] -> [..208.85.40.158][..443]
         detected: [....47] [ip4][..tcp] [..192.168.1.128][53978] -> [..208.85.40.158][..443] [TLS.Pandora][Unknown][Streaming][Fun][pandora.com]
 detection-update: [....47] [ip4][..tcp] [..192.168.1.128][53978] -> [..208.85.40.158][..443] [TLS.Pandora][Unknown][Streaming][Fun][pandora.com]
 detection-update: [....47] [ip4][..tcp] [..192.168.1.128][53978] -> [..208.85.40.158][..443] [TLS.Pandora][Unknown][Streaming][Fun][pandora.com]
             idle: [....39] [ip4][..tcp] [..192.168.1.128][33664] -> [108.138.185.106][..443] [TLS.AmazonVideo][AmazonAWS][Video][Fun]
             idle: [....40] [ip4][..tcp] [..192.168.1.128][56458] -> [142.250.185.142][..443] [TLS.GoogleDrive][Google][Cloud][Acceptable]
             idle: [....45] [ip4][..tcp] [..192.168.1.128][50608] -> [142.250.185.206][..443] [TLS][Google][Web][Safe]
             idle: [....42] [ip4][..tcp] [..192.168.1.128][56836] -> [...13.107.42.13][..443] [TLS.MS_OneDrive][Azure][Cloud][Acceptable]
             idle: [....44] [ip4][..udp] [..192.168.1.128][38642] -> [.216.58.212.142][..443] [QUIC.Google][Google][Web][Acceptable]
             idle: [....43] [ip4][..tcp] [..192.168.1.128][45014] -> [129.226.107.210][..443] [TLS.IFLIX][Tencent][Video][Fun]
             idle: [....41] [ip4][..tcp] [..192.168.1.128][33102] -> [...13.81.118.91][..443] [TLS.Microsoft][Azure][Cloud][Safe]
             idle: [....46] [ip4][..udp] [..192.168.1.128][36832] -> [142.250.181.238][..443] [QUIC.Google][Google][Web][Acceptable]
             idle: [....38] [ip4][..tcp] [..192.168.1.128][57878] -> [.52.113.194.132][..443] [TLS.Teams][Skype_Teams][Collaborative][Safe]
             idle: [....37] [ip4][..tcp] [..192.168.1.128][45898] -> [..15.160.39.187][..443] [TLS.AppleSiri][AmazonAWS][VirtAssistant][Acceptable]
     DAEMON-EVENT: [Processed: 520 pkts][ZLib][compressions: 0|diff: 0 / 0]
     DAEMON-EVENT: [Flows][active: 1 / 47|skipped: 0|!detected: 0|guessed: 4|detection-updates: 49|updates: 1]
              new: [....48] [ip4][..tcp] [.192.168.88.231][33920] -> [..185.5.161.203][..443]
         detected: [....48] [ip4][..tcp] [.192.168.88.231][33920] -> [..185.5.161.203][..443] [TLS.ElectronicArts][Unknown][Game][Fun][origin-a.akamaihd.net]
                   RISK: TLS (probably) Not Carrying HTTPS
 detection-update: [....48] [ip4][..tcp] [.192.168.88.231][33920] -> [..185.5.161.203][..443] [TLS.ElectronicArts][Unknown][Game][Fun][origin-a.akamaihd.net]
                   RISK: TLS (probably) Not Carrying HTTPS
              new: [....49] [ip4][..tcp] [.192.168.88.231][49950] -> [159.153.191.240][..443]
         detected: [....49] [ip4][..tcp] [.192.168.88.231][49950] -> [159.153.191.240][..443] [TLS.ElectronicArts][Unknown][Game][Fun][accounts.ea.com]
                   RISK: TLS (probably) Not Carrying HTTPS
 detection-update: [....49] [ip4][..tcp] [.192.168.88.231][49950] -> [159.153.191.240][..443] [TLS.ElectronicArts][Unknown][Game][Fun][accounts.ea.com]
                   RISK: Weak TLS Cipher, TLS (probably) Not Carrying HTTPS
             idle: [....47] [ip4][..tcp] [..192.168.1.128][53978] -> [..208.85.40.158][..443] [TLS.Pandora][Unknown][Streaming][Fun]
     DAEMON-EVENT: [Processed: 536 pkts][ZLib][compressions: 0|diff: 0 / 0]
     DAEMON-EVENT: [Flows][active: 2 / 49|skipped: 0|!detected: 0|guessed: 4|detection-updates: 51|updates: 1]
              new: [....50] [ip4][..tcp] [..192.168.1.245][54690] -> [.160.44.196.198][..443]
         detected: [....50] [ip4][..tcp] [..192.168.1.245][54690] -> [.160.44.196.198][..443] [TLS.HuaweiCloud][Unknown][Cloud][Acceptable][cloud.huawei.com]
 detection-update: [....50] [ip4][..tcp] [..192.168.1.245][54690] -> [.160.44.196.198][..443] [TLS.HuaweiCloud][Unknown][Cloud][Acceptable][cloud.huawei.com]
              new: [....51] [ip4][..tcp] [..192.168.1.245][49558] -> [..80.158.42.215][..443]
         detected: [....51] [ip4][..tcp] [..192.168.1.245][49558] -> [..80.158.42.215][..443] [TLS.HuaweiCloud][Unknown][Cloud][Acceptable][id7.cloud.huawei.com]
 detection-update: [....51] [ip4][..tcp] [..192.168.1.245][49558] -> [..80.158.42.215][..443] [TLS.HuaweiCloud][Unknown][Cloud][Acceptable][id7.cloud.huawei.com]
              new: [....52] [ip6][..tcp] [...2001:b07:a3d:c112:c044:a6d4:80d:5d55][39970] -> [...2600:9000:25ea:1200:1:12d8:5a00:93a1][..443]
         detected: [....52] [ip6][..tcp] [...2001:b07:a3d:c112:c044:a6d4:80d:5d55][39970] -> [...2600:9000:25ea:1200:1:12d8:5a00:93a1][..443] [TLS.HuaweiCloud][AmazonAWS][Cloud][Acceptable][contentcenter-dre.dbankcdn.com]
 detection-update: [....52] [ip6][..tcp] [...2001:b07:a3d:c112:c044:a6d4:80d:5d55][39970] -> [...2600:9000:25ea:1200:1:12d8:5a00:93a1][..443] [TLS.HuaweiCloud][AmazonAWS][Cloud][Acceptable][contentcenter-dre.dbankcdn.com]
             idle: [....48] [ip4][..tcp] [.192.168.88.231][33920] -> [..185.5.161.203][..443] [TLS.ElectronicArts][Unknown][Game][Fun]
                   RISK: TLS (probably) Not Carrying HTTPS
             idle: [....49] [ip4][..tcp] [.192.168.88.231][49950] -> [159.153.191.240][..443] [TLS.ElectronicArts][Unknown][Game][Fun]
                   RISK: Weak TLS Cipher, TLS (probably) Not Carrying HTTPS
     DAEMON-EVENT: [Processed: 586 pkts][ZLib][compressions: 0|diff: 0 / 0]
     DAEMON-EVENT: [Flows][active: 3 / 52|skipped: 0|!detected: 0|guessed: 4|detection-updates: 54|updates: 1]
              new: [....53] [ip6][..tcp] [..2001:b07:a3d:c112:9a00:ba78:86b1:e177][48594] -> [...................2001:67c:4e8:f004::9][..443]
         detected: [....53] [ip6][..tcp] [..2001:b07:a3d:c112:9a00:ba78:86b1:e177][48594] -> [...................2001:67c:4e8:f004::9][..443] [TLS.Telegram][Telegram][Chat][Acceptable][web.telegram.org]
 detection-update: [....53] [ip6][..tcp] [..2001:b07:a3d:c112:9a00:ba78:86b1:e177][48594] -> [...................2001:67c:4e8:f004::9][..443] [TLS.Telegram][Telegram][Chat][Acceptable][web.telegram.org]
              new: [....54] [ip6][..tcp] [..2001:b07:a3d:c112:9a00:ba78:86b1:e177][48616] -> [...................2001:67c:4e8:f004::9][..443]
              new: [....55] [ip6][..tcp] [..2001:b07:a3d:c112:9a00:ba78:86b1:e177][48624] -> [...................2001:67c:4e8:f004::9][..443]
         detected: [....54] [ip6][..tcp] [..2001:b07:a3d:c112:9a00:ba78:86b1:e177][48616] -> [...................2001:67c:4e8:f004::9][..443] [TLS.Telegram][Telegram][Chat][Acceptable][t.me]
         detected: [....55] [ip6][..tcp] [..2001:b07:a3d:c112:9a00:ba78:86b1:e177][48624] -> [...................2001:67c:4e8:f004::9][..443] [TLS.Telegram][Telegram][Chat][Acceptable][telegram.me]
 detection-update: [....54] [ip6][..tcp] [..2001:b07:a3d:c112:9a00:ba78:86b1:e177][48616] -> [...................2001:67c:4e8:f004::9][..443] [TLS.Telegram][Telegram][Chat][Acceptable][t.me]
 detection-update: [....55] [ip6][..tcp] [..2001:b07:a3d:c112:9a00:ba78:86b1:e177][48624] -> [...................2001:67c:4e8:f004::9][..443] [TLS.Telegram][Telegram][Chat][Acceptable][telegram.me]
              end: [....51] [ip4][..tcp] [..192.168.1.245][49558] -> [..80.158.42.215][..443] [TLS.HuaweiCloud][Unknown][Cloud][Acceptable]
             idle: [....50] [ip4][..tcp] [..192.168.1.245][54690] -> [.160.44.196.198][..443] [TLS.HuaweiCloud][Unknown][Cloud][Acceptable]
             idle: [....52] [ip6][..tcp] [...2001:b07:a3d:c112:c044:a6d4:80d:5d55][39970] -> [...2600:9000:25ea:1200:1:12d8:5a00:93a1][..443] [TLS.HuaweiCloud][AmazonAWS][Cloud][Acceptable]
     DAEMON-EVENT: [Processed: 608 pkts][ZLib][compressions: 0|diff: 0 / 0]
     DAEMON-EVENT: [Flows][active: 3 / 55|skipped: 0|!detected: 0|guessed: 4|detection-updates: 57|updates: 1]
              new: [....56] [ip4][..tcp] [..192.168.1.245][46174] -> [.....5.61.23.30][..443]
         detected: [....56] [ip4][..tcp] [..192.168.1.245][46174] -> [.....5.61.23.30][..443] [TLS][Unknown][Web][Safe][732231.ms.ok.ru]
 detection-update: [....56] [ip4][..tcp] [..192.168.1.245][46174] -> [.....5.61.23.30][..443] [TLS][Unknown][Web][Safe][732231.ms.ok.ru]
             idle: [....53] [ip6][..tcp] [..2001:b07:a3d:c112:9a00:ba78:86b1:e177][48594] -> [...................2001:67c:4e8:f004::9][..443] [TLS.Telegram][Telegram][Chat][Acceptable]
             idle: [....54] [ip6][..tcp] [..2001:b07:a3d:c112:9a00:ba78:86b1:e177][48616] -> [...................2001:67c:4e8:f004::9][..443] [TLS.Telegram][Telegram][Chat][Acceptable]
             idle: [....55] [ip6][..tcp] [..2001:b07:a3d:c112:9a00:ba78:86b1:e177][48624] -> [...................2001:67c:4e8:f004::9][..443] [TLS.Telegram][Telegram][Chat][Acceptable]
              end: [....56] [ip4][..tcp] [..192.168.1.245][46174] -> [.....5.61.23.30][..443] [TLS][Unknown][Web][Safe]
     DAEMON-EVENT: shutdown
