     DAEMON-EVENT: init
     DAEMON-EVENT: [Processed: 0 pkts][ZLib][compressions: 0|diff: 0 / 0]
     DAEMON-EVENT: [Flows][active: 0 / 0|skipped: 0|!detected: 0|guessed: 0|detection-updates: 0|updates: 0]
              new: [.....1] [ip4][..udp] [.192.168.12.156][37967] -> [..142.250.82.76][19305]
         detected: [.....1] [ip4][..udp] [.192.168.12.156][37967] -> [..142.250.82.76][19305] [STUN.GoogleCall][Google][VoIP][Acceptable][]
                   RISK: Known Proto on Non Std Port
          analyse: [.....1] [ip4][..udp] [.192.168.12.156][37967] -> [..142.250.82.76][19305] [STUN.GoogleCall][Google][VoIP][Acceptable]
                                         min|       max|       avg|    stddev|         variance|  entropy
                   [IAT.........: <    0.001|     0.258|     0.044|     0.058|         3387.402|    4.000]
                   [PKTLEN......:     68.000|  1231.000|   221.200|   244.400|        59721.800|    4.400]
                   [BINS(c->s)..: 0,0,10,5,1,0,0,0,0,0,0,0,0,0,0,0,0,2,0,0,0,0,0,0,0,0,0,0,0,0,0,0,0,0,0,0,0,0,0,0,0,0,0,0,0,0,0,0]
                   [BINS(s->c)..: 0,1,5,4,0,0,0,0,0,0,0,0,0,1,0,0,0,2,0,0,0,0,0,0,0,0,0,0,0,0,0,0,0,0,0,0,0,1,0,0,0,0,0,0,0,0,0,0]
                   [DIRECTIONS..: 0,1,0,1,0,0,1,1,1,0,1,0,1,0,1,0,0,0,0,1,1,1,0,1,1,0,0,0,0,0,1,0]
                   [IATS(ms)....: 23.5,57.2,58.6,110.3,0.4,107.9,0.1,0.0,31.9,33.2,42.6,42.8,84.1,83.2,24.8,0.6,0.4,2.5,24.8,0.1,0.1,34.2,28.1,7.9,22.9,203.2,6.7,19.6,19.9,258.1,19.4]
                   [PKTLENS.....: 144,128,185,1231,148,573,128,109,598,573,598,109,149,117,141,93,125,121,97,93,97,113,93,68,93,93,127,112,112,128,469,112]
                   [ENTROPIES...: 6.0,5.8,5.0,7.4,5.9,6.8,5.9,5.7,7.4,6.7,7.4,5.7,6.3,5.9,6.3,5.5,6.0,5.9,5.7,5.4,5.4,5.8,5.5,5.5,5.5,5.5,6.1,6.2,6.3,6.0,7.5,6.2]
             idle: [.....1] [ip4][..udp] [.192.168.12.156][37967] -> [..142.250.82.76][19305] [STUN.GoogleCall][Google][VoIP][Acceptable]
                   RISK: Known Proto on Non Std Port
     DAEMON-EVENT: shutdown
